[scatter.gg/index.html]
[backblue.gif]
[fade.gif]
[index.html]
[scatter.gg/index-2.html]
[scatter.gg/dist/resources/logod.png]
[scatter.gg/cdnjs.cloudflare.com/ajax/libs/meyer-reset/2.0/reset.min.css]
[scatter.gg/unpkg.com/boxicons@2.1.1/css/boxicons.min.css]
[scatter.gg/dist/css/stylea254a254.css]
[scatter.gg/dist/resources/crypto.png]
[scatter.gg/dist/resources/card.png]
[scatter.gg/dist/resources/sb.png]
[scatter.gg/contact-us.html]
[scatter.gg/dist/resources/elitepvpers-icon.png]
[scatter.gg/dist/resources/discord-icon.png]
[scatter.gg/tos.html]
[scatter.gg/dist/resources/tos-icon.png]
[scatter.gg/dist/resources/discord.png]
[scatter.gg/cdn.jsdelivr.net/gh/cferdinandi/smooth-scroll/dist/smooth-scroll.polyfills.min.js]
[scatter.gg/unpkg.com/@statuspage/status-widget@1.0.4/dist/index.js]
[scatter.gg/unpkg.com/splitting@1.0.6/dist/splitting.min.js]
[scatter.gg/cdn.sellix.io/static/js/embed.js]
[scatter.gg/dist/js/dat.gui.min.js]
[scatter.gg/dist/js/shopify.js]
[scatter.gg/dist/js/scripte42de42d.js]
[scatter.gg/dist/js/stylee42de42d.js]
[scatter.gg/cdn-cgi/scripts/7d0fa10a/cloudflare-static/rocket-loader.min.js]
[scatter.gg/index.html]
[scatter.gg/index-2.html]
[scatter.gg/cdnjs.cloudflare.com/ajax/libs/meyer-reset/2.0/reset.min.css]
[scatter.gg/unpkg.com/boxicons@2.1.1/css/boxicons.min.css]
[scatter.gg/dist/css/stylea254a254.css]
[scatter.gg/dist/css/style.css]
[scatter.gg/cdn-cgi/scripts/5c5dd728/cloudflare-static/email-decode.min.js]
[scatter.gg/contact-us.html]
[scatter.gg/tos.html]
[scatter.gg/dist/css/style.css]
[scatter.gg/media.discordapp.net/attachments/928803441181069343/932260464161853480/scatter-Discord-1.html]
[scatter.gg/discord.html]
